# This is a test project
# Multi-line comment supported

uuid: "11111111-1111-1111-1111-111111111111"
name: testpkg  # Project name
repo_url: "https://github.com/test/testpkg.git"  # Repository URL
branches:
  # Main branch
  - main  # Production branch
  # Development branch
  - dev  # Development work
deps:
  -
    # This is a remote dependency
    uuid: "22222222-2222-2222-2222-222222222222"
    name: dep  # Dependency name
    repo_url: "https://github.com/test/dep.git"  # Dependency URL
    branches:
      # Main branch
      - main  # Main branch
      # Feature branch
      - feature  # Feature branch