uuid: "11111111-1111-1111-1111-111111111111"
name: testpkg
repo_url: "https://github.com/test/testpkg.git"
branches:
  - main
  - dev
